main.c:107:6:HAL_SPI_TxCpltCallback	16	static
main.c:111:6:HAL_SPI_RxCpltCallback	16	static
main.c:115:6:HAL_SPI_TxRxCpltCallback	16	static
main.c:119:6:HAL_SPI_ErrorCallback	16	static
main.c:123:6:HAL_SPI_AbortCpltCallback	16	static
main.c:128:12:handle_spi_comm	24	static
main.c:163:5:main	8	static
main.c:227:6:SystemClock_Config	152	static
main.c:281:13:MX_SPI1_Init	8	static
main.c:320:13:MX_USART2_UART_Init	8	static
main.c:355:13:MX_GPIO_Init	40	static
main.c:384:6:Error_Handler	4	static,ignoring_inline_asm
